../Core/Src/main.c:83:5:main	16	static
../Core/Src/main.c:178:6:SystemClock_Config	88	static
../Core/Src/main.c:226:13:MX_ADC1_Init	56	static
../Core/Src/main.c:294:13:MX_FDCAN1_Init	8	static
../Core/Src/main.c:337:13:MX_IWDG_Init	8	static
../Core/Src/main.c:366:13:MX_LPUART1_UART_Init	8	static
../Core/Src/main.c:413:13:MX_USART1_UART_Init	8	static
../Core/Src/main.c:461:13:MX_SPI1_Init	8	static
../Core/Src/main.c:501:13:MX_GPIO_Init	48	static
../Core/Src/main.c:547:6:Error_Handler	4	static,ignoring_inline_asm
