../Core/Src/main.c:83:5:main	16	static
../Core/Src/main.c:179:6:SystemClock_Config	88	static
../Core/Src/main.c:227:13:MX_ADC1_Init	56	static
../Core/Src/main.c:295:13:MX_FDCAN1_Init	8	static
../Core/Src/main.c:338:13:MX_IWDG_Init	8	static
../Core/Src/main.c:367:13:MX_LPUART1_UART_Init	8	static
../Core/Src/main.c:414:13:MX_USART1_UART_Init	8	static
../Core/Src/main.c:462:13:MX_SPI1_Init	8	static
../Core/Src/main.c:502:13:MX_GPIO_Init	48	static
../Core/Src/main.c:548:6:Error_Handler	4	static,ignoring_inline_asm
